Listing 'src'...
Listing 'src/foundation'...
Listing 'src/foundation/core'...
Listing 'src/foundation/core/optional'...
Compiling 'src/foundation/predicates.py'...
Listing 'src/icloudpd'...
Listing 'src/icloudpd/extensions'...
Listing 'src/icloudpd/extensions/telegram'...
Listing 'src/icloudpd/server'...
Listing 'src/icloudpd/server/static'...
Listing 'src/icloudpd/server/static/bootstrap'...
Listing 'src/icloudpd/server/static/bootstrap/5.3.3'...
Listing 'src/icloudpd/server/static/bootstrap/5.3.3/css'...
Listing 'src/icloudpd/server/static/bootstrap/5.3.3/js'...
Listing 'src/icloudpd/server/static/htmx'...
Listing 'src/icloudpd/server/static/htmx/extensions'...
Listing 'src/icloudpd/server/static/htmx/v2.0.0'...
Listing 'src/icloudpd/server/static/js'...
Listing 'src/icloudpd/server/static/style'...
Listing 'src/icloudpd/server/templates'...
Compiling 'src/icloudpd/telegram_bot.py'...
Listing 'src/icloudpd.egg-info'...
Listing 'src/pyicloud_ipd'...
Compiling 'src/pyicloud_ipd/cmdline.py'...
Listing 'src/pyicloud_ipd/services'...
Listing 'src/starters'...
Compiling 'src/starters/__init__.py'...
Compiling 'src/starters/icloud.py'...
Compiling 'src/starters/icloudpd.py'...
Listing 'tests'...
Listing 'tests/cookie'...
Listing 'tests/data'...
Listing 'tests/fixtures'...
Listing 'tests/fixtures/test_adjusted_size_fallback_to_original'...
Listing 'tests/fixtures/test_adjusted_size_fallback_to_original/cookie'...
Listing 'tests/fixtures/test_adjusted_size_fallback_to_original/data'...
Listing 'tests/fixtures/test_connection_error'...
Listing 'tests/fixtures/test_connection_error/cookie'...
Listing 'tests/fixtures/test_creation_date_prior_1970'...
Listing 'tests/fixtures/test_creation_date_prior_1970/cookie'...
Listing 'tests/fixtures/test_creation_date_prior_1970/data'...
Listing 'tests/fixtures/test_creation_date_prior_1970/data/1965'...
Listing 'tests/fixtures/test_creation_date_prior_1970/data/1965/01'...
Listing 'tests/fixtures/test_creation_date_prior_1970/data/1965/01/01'...
Listing 'tests/fixtures/test_creation_date_without_century'...
Listing 'tests/fixtures/test_creation_date_without_century/cookie'...
Listing 'tests/fixtures/test_creation_date_without_century/data'...
Listing 'tests/fixtures/test_creation_date_without_century/data/5'...
Listing 'tests/fixtures/test_creation_date_without_century/data/5/01'...
Listing 'tests/fixtures/test_creation_date_without_century/data/5/01/01'...
Listing 'tests/fixtures/test_download_after_delete_dry_run'...
Listing 'tests/fixtures/test_download_after_delete_dry_run/cookie'...
Listing 'tests/fixtures/test_download_after_delete_dry_run/data'...
Listing 'tests/fixtures/test_download_and_dedupe_existing_photos'...
Listing 'tests/fixtures/test_download_and_dedupe_existing_photos/cookie'...
Listing 'tests/fixtures/test_download_and_dedupe_existing_photos/data'...
Listing 'tests/fixtures/test_download_and_dedupe_existing_photos/data/2018'...
Listing 'tests/fixtures/test_download_and_dedupe_existing_photos/data/2018/07'...
Listing 'tests/fixtures/test_download_and_dedupe_existing_photos/data/2018/07/30'...
Listing 'tests/fixtures/test_download_and_dedupe_existing_photos/data/2018/07/31'...
Listing 'tests/fixtures/test_download_and_delete_after'...
Listing 'tests/fixtures/test_download_and_delete_after/cookie'...
Listing 'tests/fixtures/test_download_and_delete_after/data'...
Listing 'tests/fixtures/test_download_and_delete_after/data/2018'...
Listing 'tests/fixtures/test_download_and_delete_after/data/2018/07'...
Listing 'tests/fixtures/test_download_and_delete_after/data/2018/07/31'...
Listing 'tests/fixtures/test_download_and_delete_after_fail'...
Listing 'tests/fixtures/test_download_and_delete_after_fail/cookie'...
Listing 'tests/fixtures/test_download_and_delete_after_fail/data'...
Listing 'tests/fixtures/test_download_and_delete_after_fail/data/2018'...
Listing 'tests/fixtures/test_download_and_delete_after_fail/data/2018/07'...
Listing 'tests/fixtures/test_download_and_delete_after_fail/data/2018/07/31'...
Listing 'tests/fixtures/test_download_and_not_delete_after_when_exists'...
Listing 'tests/fixtures/test_download_and_not_delete_after_when_exists/cookie'...
Listing 'tests/fixtures/test_download_and_not_delete_after_when_exists/data'...
Listing 'tests/fixtures/test_download_and_not_delete_after_when_exists/data/2018'...
Listing 'tests/fixtures/test_download_and_not_delete_after_when_exists/data/2018/07'...
Listing 'tests/fixtures/test_download_and_not_delete_after_when_exists/data/2018/07/31'...
Listing 'tests/fixtures/test_download_and_skip_existing_photos'...
Listing 'tests/fixtures/test_download_and_skip_existing_photos/cookie'...
Listing 'tests/fixtures/test_download_and_skip_existing_photos/data'...
Listing 'tests/fixtures/test_download_and_skip_existing_photos/data/2018'...
Listing 'tests/fixtures/test_download_and_skip_existing_photos/data/2018/07'...
Listing 'tests/fixtures/test_download_and_skip_existing_photos/data/2018/07/30'...
Listing 'tests/fixtures/test_download_and_skip_existing_photos/data/2018/07/31'...
Listing 'tests/fixtures/test_download_and_skip_new'...
Listing 'tests/fixtures/test_download_and_skip_new/cookie'...
Listing 'tests/fixtures/test_download_and_skip_new/data'...
Listing 'tests/fixtures/test_download_and_skip_old'...
Listing 'tests/fixtures/test_download_and_skip_old/cookie'...
Listing 'tests/fixtures/test_download_and_skip_old/data'...
Listing 'tests/fixtures/test_download_and_skip_old/data/2018'...
Listing 'tests/fixtures/test_download_and_skip_old/data/2018/07'...
Listing 'tests/fixtures/test_download_and_skip_old/data/2018/07/31'...
Listing 'tests/fixtures/test_download_bad_filename_base64_encoding'...
Listing 'tests/fixtures/test_download_bad_filename_base64_encoding/cookie'...
Listing 'tests/fixtures/test_download_bad_filename_base64_encoding/data'...
Listing 'tests/fixtures/test_download_bad_filename_base64_encoding/data/2018'...
Listing 'tests/fixtures/test_download_bad_filename_base64_encoding/data/2018/07'...
Listing 'tests/fixtures/test_download_bad_filename_base64_encoding/data/2018/07/30'...
Listing 'tests/fixtures/test_download_bad_filename_utf8_encoding'...
Listing 'tests/fixtures/test_download_bad_filename_utf8_encoding/cookie'...
Listing 'tests/fixtures/test_download_bad_filename_utf8_encoding/data'...
Listing 'tests/fixtures/test_download_bad_filename_utf8_encoding/data/2018'...
Listing 'tests/fixtures/test_download_bad_filename_utf8_encoding/data/2018/07'...
Listing 'tests/fixtures/test_download_bad_filename_utf8_encoding/data/2018/07/30'...
Listing 'tests/fixtures/test_download_chinese'...
Listing 'tests/fixtures/test_download_chinese/中文'...
Listing 'tests/fixtures/test_download_chinese/中文/cookie'...
Listing 'tests/fixtures/test_download_chinese/中文/data'...
Listing 'tests/fixtures/test_download_chinese/中文/data/2018'...
Listing 'tests/fixtures/test_download_chinese/中文/data/2018/07'...
Listing 'tests/fixtures/test_download_chinese/中文/data/2018/07/31'...
Listing 'tests/fixtures/test_download_filename_string_encoding'...
Listing 'tests/fixtures/test_download_filename_string_encoding/cookie'...
Listing 'tests/fixtures/test_download_filename_string_encoding/data'...
Listing 'tests/fixtures/test_download_filename_string_encoding/data/2018'...
Listing 'tests/fixtures/test_download_filename_string_encoding/data/2018/07'...
Listing 'tests/fixtures/test_download_filename_string_encoding/data/2018/07/30'...
Listing 'tests/fixtures/test_download_filename_string_encoding/data/2018/07/31'...
Listing 'tests/fixtures/test_download_from_shared_library'...
Listing 'tests/fixtures/test_download_from_shared_library/cookie'...
Listing 'tests/fixtures/test_download_from_shared_library/data'...
Listing 'tests/fixtures/test_download_normalized_names'...
Listing 'tests/fixtures/test_download_normalized_names/cookie'...
Listing 'tests/fixtures/test_download_normalized_names/data'...
Listing 'tests/fixtures/test_download_normalized_names/data/2018'...
Listing 'tests/fixtures/test_download_normalized_names/data/2018/07'...
Listing 'tests/fixtures/test_download_normalized_names/data/2018/07/30'...
Listing 'tests/fixtures/test_download_normalized_names/data/2018/07/31'...
Listing 'tests/fixtures/test_download_one_recent_live_photo'...
Listing 'tests/fixtures/test_download_one_recent_live_photo/cookie'...
Listing 'tests/fixtures/test_download_one_recent_live_photo/data'...
Listing 'tests/fixtures/test_download_one_recent_live_photo/data/2018'...
Listing 'tests/fixtures/test_download_one_recent_live_photo/data/2018/07'...
Listing 'tests/fixtures/test_download_one_recent_live_photo/data/2018/07/31'...
Listing 'tests/fixtures/test_download_one_recent_live_photo_chinese'...
Listing 'tests/fixtures/test_download_one_recent_live_photo_chinese/cookie'...
Listing 'tests/fixtures/test_download_one_recent_live_photo_chinese/data'...
Listing 'tests/fixtures/test_download_one_recent_live_photo_chinese/data/2018'...
Listing 'tests/fixtures/test_download_one_recent_live_photo_chinese/data/2018/07'...
Listing 'tests/fixtures/test_download_one_recent_live_photo_chinese/data/2018/07/31'...
Listing 'tests/fixtures/test_download_over_old_original_photos'...
Listing 'tests/fixtures/test_download_over_old_original_photos/cookie'...
Listing 'tests/fixtures/test_download_over_old_original_photos/data'...
Listing 'tests/fixtures/test_download_over_old_original_photos/data/2018'...
Listing 'tests/fixtures/test_download_over_old_original_photos/data/2018/07'...
Listing 'tests/fixtures/test_download_over_old_original_photos/data/2018/07/30'...
Listing 'tests/fixtures/test_download_over_old_original_photos/data/2018/07/31'...
Listing 'tests/fixtures/test_download_photos_and_get_exif_exceptions'...
Listing 'tests/fixtures/test_download_photos_and_get_exif_exceptions/cookie'...
Listing 'tests/fixtures/test_download_photos_and_get_exif_exceptions/data'...
Listing 'tests/fixtures/test_download_photos_and_get_exif_exceptions/data/2018'...
Listing 'tests/fixtures/test_download_photos_and_get_exif_exceptions/data/2018/07'...
Listing 'tests/fixtures/test_download_photos_and_get_exif_exceptions/data/2018/07/31'...
Listing 'tests/fixtures/test_download_photos_and_set_exif'...
Listing 'tests/fixtures/test_download_photos_and_set_exif/cookie'...
Listing 'tests/fixtures/test_download_photos_and_set_exif/data'...
Listing 'tests/fixtures/test_download_photos_and_set_exif/data/2018'...
Listing 'tests/fixtures/test_download_photos_and_set_exif/data/2018/07'...
Listing 'tests/fixtures/test_download_photos_and_set_exif/data/2018/07/30'...
Listing 'tests/fixtures/test_download_photos_and_set_exif/data/2018/07/31'...
Listing 'tests/fixtures/test_download_photos_and_set_exif_exceptions'...
Listing 'tests/fixtures/test_download_photos_and_set_exif_exceptions/cookie'...
Listing 'tests/fixtures/test_download_photos_and_set_exif_exceptions/data'...
Listing 'tests/fixtures/test_download_photos_and_set_exif_exceptions/data/2018'...
Listing 'tests/fixtures/test_download_photos_and_set_exif_exceptions/data/2018/07'...
Listing 'tests/fixtures/test_download_photos_and_set_exif_exceptions/data/2018/07/31'...
Listing 'tests/fixtures/test_download_raw_alt_photos'...
Listing 'tests/fixtures/test_download_raw_alt_photos/cookie'...
Listing 'tests/fixtures/test_download_raw_alt_photos/data'...
Listing 'tests/fixtures/test_download_raw_alt_photos/data/2018'...
Listing 'tests/fixtures/test_download_raw_alt_photos/data/2018/07'...
Listing 'tests/fixtures/test_download_raw_alt_photos/data/2018/07/31'...
Listing 'tests/fixtures/test_download_raw_photos'...
Listing 'tests/fixtures/test_download_raw_photos/cookie'...
Listing 'tests/fixtures/test_download_raw_photos/data'...
Listing 'tests/fixtures/test_download_raw_photos/data/2018'...
Listing 'tests/fixtures/test_download_raw_photos/data/2018/07'...
Listing 'tests/fixtures/test_download_raw_photos/data/2018/07/31'...
Listing 'tests/fixtures/test_download_raw_photos_policy_alt_with_adj'...
Listing 'tests/fixtures/test_download_raw_photos_policy_alt_with_adj/cookie'...
Listing 'tests/fixtures/test_download_raw_photos_policy_alt_with_adj/data'...
Listing 'tests/fixtures/test_download_raw_photos_policy_alt_with_adj/data/2018'...
Listing 'tests/fixtures/test_download_raw_photos_policy_alt_with_adj/data/2018/07'...
Listing 'tests/fixtures/test_download_raw_photos_policy_alt_with_adj/data/2018/07/31'...
Listing 'tests/fixtures/test_download_raw_photos_policy_as_is'...
Listing 'tests/fixtures/test_download_raw_photos_policy_as_is/cookie'...
Listing 'tests/fixtures/test_download_raw_photos_policy_as_is/data'...
Listing 'tests/fixtures/test_download_raw_photos_policy_as_is/data/2018'...
Listing 'tests/fixtures/test_download_raw_photos_policy_as_is/data/2018/07'...
Listing 'tests/fixtures/test_download_raw_photos_policy_as_is/data/2018/07/31'...
Listing 'tests/fixtures/test_download_raw_photos_policy_orig'...
Listing 'tests/fixtures/test_download_raw_photos_policy_orig/cookie'...
Listing 'tests/fixtures/test_download_raw_photos_policy_orig/data'...
Listing 'tests/fixtures/test_download_raw_photos_policy_orig/data/2018'...
Listing 'tests/fixtures/test_download_raw_photos_policy_orig/data/2018/07'...
Listing 'tests/fixtures/test_download_raw_photos_policy_orig/data/2018/07/31'...
Listing 'tests/fixtures/test_download_two_sizes'...
Listing 'tests/fixtures/test_download_two_sizes/cookie'...
Listing 'tests/fixtures/test_download_two_sizes/data'...
Listing 'tests/fixtures/test_download_two_sizes/data/2018'...
Listing 'tests/fixtures/test_download_two_sizes/data/2018/07'...
Listing 'tests/fixtures/test_download_two_sizes/data/2018/07/31'...
Listing 'tests/fixtures/test_download_two_sizes_with_force_size'...
Listing 'tests/fixtures/test_download_two_sizes_with_force_size/cookie'...
Listing 'tests/fixtures/test_download_two_sizes_with_force_size/data'...
Listing 'tests/fixtures/test_dry_run'...
Listing 'tests/fixtures/test_dry_run/cookie'...
Listing 'tests/fixtures/test_dry_run/data'...
Listing 'tests/fixtures/test_failed_auth'...
Listing 'tests/fixtures/test_failed_auth/cookie'...
Listing 'tests/fixtures/test_failed_auth_503'...
Listing 'tests/fixtures/test_failed_auth_503/cookie'...
Listing 'tests/fixtures/test_failed_auth_503_watch'...
Listing 'tests/fixtures/test_failed_auth_503_watch/cookie'...
Listing 'tests/fixtures/test_force_size'...
Listing 'tests/fixtures/test_force_size/cookie'...
Listing 'tests/fixtures/test_force_size/data'...
Listing 'tests/fixtures/test_handle_albums_error'...
Listing 'tests/fixtures/test_handle_albums_error/cookie'...
Listing 'tests/fixtures/test_handle_albums_error/data'...
Listing 'tests/fixtures/test_handle_internal_error_during_download'...
Listing 'tests/fixtures/test_handle_internal_error_during_download/cookie'...
Listing 'tests/fixtures/test_handle_internal_error_during_download/data'...
Listing 'tests/fixtures/test_handle_internal_error_during_download/data/2018'...
Listing 'tests/fixtures/test_handle_internal_error_during_download/data/2018/07'...
Listing 'tests/fixtures/test_handle_internal_error_during_download/data/2018/07/31'...
Listing 'tests/fixtures/test_handle_internal_error_during_photo_iteration'...
Listing 'tests/fixtures/test_handle_internal_error_during_photo_iteration/cookie'...
Listing 'tests/fixtures/test_handle_internal_error_during_photo_iteration/data'...
Listing 'tests/fixtures/test_handle_io_error'...
Listing 'tests/fixtures/test_handle_io_error/cookie'...
Listing 'tests/fixtures/test_handle_io_error/data'...
Listing 'tests/fixtures/test_handle_io_error/data/2018'...
Listing 'tests/fixtures/test_handle_io_error/data/2018/07'...
Listing 'tests/fixtures/test_handle_io_error/data/2018/07/31'...
Listing 'tests/fixtures/test_handle_io_error_mkdir'...
Listing 'tests/fixtures/test_handle_io_error_mkdir/cookie'...
Listing 'tests/fixtures/test_handle_io_error_mkdir/data'...
Listing 'tests/fixtures/test_handle_session_error_during_download'...
Listing 'tests/fixtures/test_handle_session_error_during_download/cookie'...
Listing 'tests/fixtures/test_handle_session_error_during_download/data'...
Listing 'tests/fixtures/test_handle_session_error_during_download/data/2018'...
Listing 'tests/fixtures/test_handle_session_error_during_download/data/2018/07'...
Listing 'tests/fixtures/test_handle_session_error_during_download/data/2018/07/31'...
Listing 'tests/fixtures/test_handle_session_error_during_photo_iteration'...
Listing 'tests/fixtures/test_handle_session_error_during_photo_iteration/cookie'...
Listing 'tests/fixtures/test_handle_session_error_during_photo_iteration/data'...
Listing 'tests/fixtures/test_invalid_creation_date'...
Listing 'tests/fixtures/test_invalid_creation_date/cookie'...
Listing 'tests/fixtures/test_invalid_creation_date/data'...
Listing 'tests/fixtures/test_invalid_creation_date/data/2018'...
Listing 'tests/fixtures/test_invalid_creation_date/data/2018/01'...
Listing 'tests/fixtures/test_invalid_creation_date/data/2018/01/01'...
Listing 'tests/fixtures/test_log_levels'...
Listing 'tests/fixtures/test_log_levels/cookie'...
Listing 'tests/fixtures/test_log_levels/data'...
Listing 'tests/fixtures/test_missing_item_type'...
Listing 'tests/fixtures/test_missing_item_type/cookie'...
Listing 'tests/fixtures/test_missing_item_type/data'...
Listing 'tests/fixtures/test_missing_item_type/data/2018'...
Listing 'tests/fixtures/test_missing_item_type/data/2018/07'...
Listing 'tests/fixtures/test_missing_item_type/data/2018/07/31'...
Listing 'tests/fixtures/test_missing_item_type_value'...
Listing 'tests/fixtures/test_missing_item_type_value/cookie'...
Listing 'tests/fixtures/test_missing_item_type_value/data'...
Listing 'tests/fixtures/test_missing_item_type_value/data/2018'...
Listing 'tests/fixtures/test_missing_item_type_value/data/2018/07'...
Listing 'tests/fixtures/test_missing_item_type_value/data/2018/07/31'...
Listing 'tests/fixtures/test_missing_size'...
Listing 'tests/fixtures/test_missing_size/cookie'...
Listing 'tests/fixtures/test_missing_size/data'...
Listing 'tests/fixtures/test_missing_size/data/2018'...
Listing 'tests/fixtures/test_missing_size/data/2018/07'...
Listing 'tests/fixtures/test_missing_size/data/2018/07/30'...
Listing 'tests/fixtures/test_missing_size/data/2018/07/31'...
Listing 'tests/fixtures/test_non_2fa'...
Listing 'tests/fixtures/test_non_2fa/cookie'...
Listing 'tests/fixtures/test_password_prompt_2fa'...
Listing 'tests/fixtures/test_password_prompt_2fa/cookie'...
Listing 'tests/fixtures/test_password_prompt_2sa'...
Listing 'tests/fixtures/test_password_prompt_2sa/cookie'...
Listing 'tests/fixtures/test_resume_download'...
Listing 'tests/fixtures/test_resume_download/cookie'...
Listing 'tests/fixtures/test_resume_download/data'...
Listing 'tests/fixtures/test_resume_download/data/2018'...
Listing 'tests/fixtures/test_resume_download/data/2018/07'...
Listing 'tests/fixtures/test_resume_download/data/2018/07/31'...
Listing 'tests/fixtures/test_size_fallback_to_original'...
Listing 'tests/fixtures/test_size_fallback_to_original/cookie'...
Listing 'tests/fixtures/test_size_fallback_to_original/data'...
Listing 'tests/fixtures/test_skip_existing_downloads'...
Listing 'tests/fixtures/test_skip_existing_downloads/cookie'...
Listing 'tests/fixtures/test_skip_existing_downloads/data'...
Listing 'tests/fixtures/test_skip_existing_downloads/data/2018'...
Listing 'tests/fixtures/test_skip_existing_downloads/data/2018/07'...
Listing 'tests/fixtures/test_skip_existing_downloads/data/2018/07/31'...
Listing 'tests/fixtures/test_successful_token_validation'...
Listing 'tests/fixtures/test_successful_token_validation/cookie'...
Listing 'tests/fixtures/test_timeout'...
Listing 'tests/fixtures/test_timeout/cookie'...
Listing 'tests/fixtures/test_timeout_error'...
Listing 'tests/fixtures/test_timeout_error/cookie'...
Listing 'tests/fixtures/test_tqdm'...
Listing 'tests/fixtures/test_tqdm/cookie'...
Listing 'tests/fixtures/test_tqdm/data'...
Listing 'tests/fixtures/test_unicode_directory'...
Listing 'tests/fixtures/test_unicode_directory/cookie'...
Listing 'tests/fixtures/test_unicode_directory/data'...
Listing 'tests/fixtures/test_until_found'...
Listing 'tests/fixtures/test_until_found/cookie'...
Listing 'tests/fixtures/test_until_found/data'...
Listing 'tests/fixtures/test_until_found/data/2018'...
Listing 'tests/fixtures/test_until_found/data/2018/07'...
Listing 'tests/fixtures/test_until_found/data/2018/07/30'...
Listing 'tests/helpers'...
Compiling 'tests/test_authentication.py'...
Compiling 'tests/test_autodelete_photos.py'...
Compiling 'tests/test_cli.py'...
Compiling 'tests/test_download_live_photos.py'...
Compiling 'tests/test_download_live_photos_id.py'...
Compiling 'tests/test_download_photos.py'...
Compiling 'tests/test_download_photos_id.py'...
Compiling 'tests/test_download_videos.py'...
Compiling 'tests/test_email_notifications.py'...
Compiling 'tests/test_file_cache_last_sync_date.py'...
Compiling 'tests/test_filenames.py'...
Compiling 'tests/test_folder_structure.py'...
Compiling 'tests/test_http.py'...
Compiling 'tests/test_issue_1220_only_print_filenames_dedup_bug.py'...
Compiling 'tests/test_json_rules.py'...
Compiling 'tests/test_keep_icloud_mode.py'...
Compiling 'tests/test_listing_albums.py'...
Compiling 'tests/test_listing_libraries.py'...
Compiling 'tests/test_listing_recent_photos.py'...
Compiling 'tests/test_logger.py'...
Compiling 'tests/test_session_connection_errors.py'...
Compiling 'tests/test_string_helpers.py'...
Compiling 'tests/test_telegram_auth.py'...
Compiling 'tests/test_two_step_auth.py'...
Compiling 'tests/test_xmp_sidecar.py'...
Listing 'tests/tmp-download-integrity'...
Listing 'tests/vcr_cassettes'...
